
> sarvanu-nextjs@0.1.0 build
> next build

npm : ÔÜá Warning: 
Next.js inferred your 
workspace root, but it 
may not be correct.
At line:1 char:1
+ npm run build > 
build_output.log 2>&1
+ ~~~~~~~~~~~~~~~~~~~~~
~~~~~~~~~~~~~~~~
    + CategoryInfo     
         : NotSpecifi  
  ed: (ÔÜá Warning:    
 Ne...not be correc    
t.:String) [], Rem    
oteException
    + FullyQualifiedEr 
   rorId : NativeComm  
  andError
 
 We detected multiple 
lockfiles and selected 
the directory of 
E:\Sarvanu 
website\Sarvanu website
\package-lock.json as 
the root directory.
 To silence this 
warning, set 
`turbopack.root` in 
your Next.js config, 
or consider removing 
one of the lockfiles 
if it's not needed.
   See https://nextjs.o
rg/docs/app/api-referen
ce/config/next-config-j
s/turbopack#root-direct
ory for more 
information.
 Detected additional 
lockfiles: 
   * E:\Sarvanu 
website\Sarvanu website
\sarvanu-nextjs\package
-lock.json

Ôû▓ Next.js 16.1.6 (Turbopack)

  Creating an optimized production build ...

> Build error occurred
Error: Turbopack build 
failed with 1 errors:
./sarvanu-nextjs/src/ap
p/case-studies/page.js:
255:15
Parsing ecmascript 
source code failed
[0m [90m 253 |[39m  
                   }}
 [90m 254 |[39m      
           
[33m/[39m[33m>[39m
[31m[1m>[22m[39m[9
0m 255 |[39m          
   [33m<[39m[33m/[3
9m[33m>[39m
 [90m     |[39m      
         
[31m[1m^[22m[39m
 [90m 256 |[39m      
       )[33m;[39m
 [90m 257 |[39m }
 [90m 258 |[39m[0m

Expression expected


    at <unknown> (./sar
vanu-nextjs/src/app/cas
e-studies/page.js:255:1
5)
